screenshots/00-setup/01-namespace.png
screenshots/01-what-is-helm/01-repo.png
screenshots/01-what-is-helm/02-install-public-chart.png
screenshots/01-what-is-helm/03-uninstall.png
screenshots/02-helm-charts/01-create.png
screenshots/02-helm-charts/02-template-part1.png
screenshots/02-helm-charts/02-template-part2.png
screenshots/02-helm-charts/03-install-part1.png
screenshots/02-helm-charts/03-install-part2.png
screenshots/03-chart-structure/01-files.png
screenshots/03-chart-structure/02-template-install.png
screenshots/04-chart-yaml/01-chart-yaml.png
screenshots/05-values-yaml/01-values.png
screenshots/05-values-yaml/02-overrides.png
screenshots/06-templates/01-template-files.png
screenshots/06-templates/02-render.png
screenshots/07-install-upgrade/01-install.png
screenshots/07-install-upgrade/02-upgrade.png
screenshots/08-rollback/01-broken-upgrade.png
screenshots/08-rollback/02-rollback.png
screenshots/08-rollback/03-atomic.png
screenshots/09-deploying-application/01-lint-template-part1.png
screenshots/09-deploying-application/01-lint-template-part2.png
screenshots/09-deploying-application/02-install-verify.png
screenshots/09-deploying-application/03-upgrade-rollback.png
screenshots/mini-project/01-lint-template-part1.png
screenshots/mini-project/01-lint-template-part2.png
screenshots/mini-project/02-install-dev.png
screenshots/mini-project/03-upgrade-prod.png
screenshots/mini-project/04-bad-upgrade.png
screenshots/mini-project/05-rollback.png
screenshots/mini-project/06-uninstall.png
screenshots/cleanup/01-cleanup.png
