screenshots/00-setup/01-namespace.png
screenshots/task1/01-kubectl-get.png
screenshots/task1/02-kubectl-get-watch.png
screenshots/task1/03-kubectl-describe-part1.png
screenshots/task1/03-kubectl-describe-part2.png
screenshots/task1/04-kubectl-describe-other.png
screenshots/task1/05-kubectl-logs.png
screenshots/task1/06-kubectl-exec.png
screenshots/task1/07-kubectl-events-part1.png
screenshots/task1/07-kubectl-events-part2.png
screenshots/task1/08-kubectl-explain-part1.png
screenshots/task1/08-kubectl-explain-part2.png
screenshots/task1/09-kubectl-top.png
screenshots/task1/10-kubectl-get-o-wide.png
screenshots/task2/01-crashloop/01-identify.png
screenshots/task2/01-crashloop/02-investigate-part1.png
screenshots/task2/01-crashloop/02-investigate-part2.png
screenshots/task2/01-crashloop/03-root-cause.png
screenshots/task2/01-crashloop/04-fix.png
screenshots/task2/01-crashloop/05-verify.png
screenshots/task2/01-crashloop/06-scenario1-identify.png
screenshots/task2/01-crashloop/07-scenario1-fix-verify.png
screenshots/task2/02-imagepull/01-identify.png
screenshots/task2/02-imagepull/02-investigate-part1.png
screenshots/task2/02-imagepull/02-investigate-part2.png
screenshots/task2/02-imagepull/03-root-cause.png
screenshots/task2/02-imagepull/04-fix-verify.png
screenshots/task2/02-imagepull/05-scenario2-identify.png
screenshots/task2/02-imagepull/06-scenario2-fix-verify.png
screenshots/task2/03-pending/01-identify.png
screenshots/task2/03-pending/02-investigate.png
screenshots/task2/03-pending/03-root-cause.png
screenshots/task2/03-pending/04-fix-verify.png
screenshots/task2/03-pending/05-scenario3-identify.png
screenshots/task2/03-pending/06-scenario3-fix-verify.png
screenshots/task2/04-containercreating/01-identify.png
screenshots/task2/04-containercreating/02-investigate-part1.png
screenshots/task2/04-containercreating/02-investigate-part2.png
screenshots/task2/04-containercreating/03-root-cause.png
screenshots/task2/04-containercreating/04-fix-verify.png
screenshots/task2/05-configuration/01-identify.png
screenshots/task2/05-configuration/02-investigate-part1.png
screenshots/task2/05-configuration/02-investigate-part2.png
screenshots/task2/05-configuration/03-root-cause.png
screenshots/task2/05-configuration/04-fix-verify.png
screenshots/task2/06-service/01-deploy.png
screenshots/task2/06-service/02-identify.png
screenshots/task2/06-service/03-investigate.png
screenshots/task2/06-service/04-root-cause.png
screenshots/task2/06-service/05-fix-verify-part1.png
screenshots/task2/06-service/05-fix-verify-part2.png
screenshots/task2/06-service/06-broken-service.png
screenshots/task2/06-service/07-targetport-identify.png
screenshots/task2/06-service/08-targetport-root-cause.png
screenshots/task2/06-service/09-targetport-fix-verify.png
screenshots/task2/07-dns/01-dns-test-pod-identify.png
screenshots/task2/07-dns/02-dns-test-pod-fix.png
screenshots/task2/07-dns/03-dns-healthy-checks.png
screenshots/task2/07-dns/04-coredns.png
screenshots/task2/07-dns/05-scenario4-identify.png
screenshots/task2/07-dns/06-scenario4-root-cause.png
screenshots/task2/07-dns/07-scenario4-fix-verify.png
screenshots/task2/08-networking/01-identify.png
screenshots/task2/08-networking/02-investigate.png
screenshots/task2/08-networking/03-fix-verify.png
screenshots/task2/09-oomkilled/01-identify.png
screenshots/task2/09-oomkilled/02-fix-verify.png
screenshots/task2/10-all-fixed.png
screenshots/task3/01-deploy.png
screenshots/task3/02-check-app-part1.png
screenshots/task3/02-check-app-part2.png
screenshots/task3/03-logs-exec-part1.png
screenshots/task3/03-logs-exec-part2.png
screenshots/task3/04-check-service.png
screenshots/task3/05-broken-pod-identify.png
screenshots/task3/06-broken-pod-describe-part1.png
screenshots/task3/06-broken-pod-describe-part2.png
screenshots/task3/07-broken-pod-events.png
screenshots/task3/08-broken-pod-fix-verify.png
screenshots/task3/09-service-break.png
screenshots/task3/10-service-root-cause.png
screenshots/task3/11-service-fix-verify.png
screenshots/task3/12-final-state.png
screenshots/cleanup/01-delete-namespace.png
screenshots/task2/01-crashloop/01-identify.png
screenshots/task2/01-crashloop/02-investigate-part1.png
screenshots/task2/01-crashloop/02-investigate-part2.png
screenshots/task2/01-crashloop/03-root-cause.png
screenshots/task2/01-crashloop/04-fix.png
screenshots/task2/01-crashloop/05-verify.png
screenshots/task2/01-crashloop/06-scenario1-identify.png
screenshots/task2/01-crashloop/07-scenario1-fix-verify.png
screenshots/task2/02-imagepull/01-identify.png
screenshots/task2/02-imagepull/02-investigate-part1.png
screenshots/task2/02-imagepull/02-investigate-part2.png
screenshots/task2/02-imagepull/03-root-cause.png
screenshots/task2/02-imagepull/04-fix-verify.png
screenshots/task2/02-imagepull/05-scenario2-identify.png
screenshots/task2/02-imagepull/06-scenario2-fix-verify.png
screenshots/task2/03-pending/01-identify.png
screenshots/task2/03-pending/02-investigate.png
screenshots/task2/03-pending/03-root-cause.png
screenshots/task2/03-pending/04-fix-verify.png
screenshots/task2/03-pending/05-scenario3-identify.png
screenshots/task2/03-pending/06-scenario3-fix-verify.png
screenshots/task2/04-containercreating/01-identify.png
screenshots/task2/04-containercreating/02-investigate-part1.png
screenshots/task2/04-containercreating/02-investigate-part2.png
screenshots/task2/04-containercreating/03-root-cause.png
screenshots/task2/04-containercreating/04-fix-verify.png
screenshots/task2/05-configuration/01-identify.png
screenshots/task2/05-configuration/02-investigate-part1.png
screenshots/task2/05-configuration/02-investigate-part2.png
screenshots/task2/05-configuration/03-root-cause.png
screenshots/task2/05-configuration/04-fix-verify.png
screenshots/task2/06-service/01-deploy.png
screenshots/task2/06-service/02-identify.png
screenshots/task2/06-service/03-investigate.png
screenshots/task2/06-service/04-root-cause.png
screenshots/task2/06-service/05-fix-verify-part1.png
screenshots/task2/06-service/05-fix-verify-part2.png
screenshots/task2/06-service/06-broken-service.png
screenshots/task2/06-service/07-targetport-identify.png
screenshots/task2/06-service/08-targetport-root-cause.png
screenshots/task2/06-service/09-targetport-fix-verify.png
screenshots/task2/07-dns/01-dns-test-pod-identify.png
screenshots/task2/07-dns/02-dns-test-pod-fix.png
screenshots/task2/07-dns/03-dns-healthy-checks.png
screenshots/task2/07-dns/04-coredns.png
screenshots/task2/07-dns/05-scenario4-identify.png
screenshots/task2/07-dns/06-scenario4-root-cause.png
screenshots/task2/07-dns/07-scenario4-fix-verify.png
screenshots/task2/08-networking/01-identify.png
screenshots/task2/08-networking/02-investigate.png
screenshots/task2/08-networking/03-fix-verify.png
screenshots/task2/09-oomkilled/01-identify.png
screenshots/task2/09-oomkilled/02-fix-verify.png
screenshots/task2/10-all-fixed.png
screenshots/task3/01-deploy.png
screenshots/task3/02-check-app-part1.png
screenshots/task3/02-check-app-part2.png
screenshots/task3/03-logs-exec-part1.png
screenshots/task3/03-logs-exec-part2.png
screenshots/task3/04-check-service.png
screenshots/task3/05-broken-pod-identify.png
screenshots/task3/06-broken-pod-describe-part1.png
screenshots/task3/06-broken-pod-describe-part2.png
screenshots/task3/07-broken-pod-events.png
screenshots/task3/08-broken-pod-fix-verify.png
screenshots/task3/09-service-break.png
screenshots/task3/10-service-root-cause.png
screenshots/task3/11-service-fix-verify.png
screenshots/task3/12-final-state.png
screenshots/cleanup/01-delete-namespace.png
