screenshots/00-setup/01-tools.png
screenshots/01-ci-vs-cd/01-simulations.png
screenshots/02-pipeline-concepts/01-stages-part1.png
screenshots/02-pipeline-concepts/01-stages-part2.png
screenshots/03-github-actions-intro/01-hello.png
screenshots/04-workflows/01-triggers.png
screenshots/04-workflows/02-run-push-and-pr.png
screenshots/04-workflows/03-run-dispatch-and-schedule.png
screenshots/04-workflows/04-build-dry-run.png
screenshots/05-jobs-steps/01-needs.png
screenshots/05-jobs-steps/02-sequential-jobs.png
screenshots/05-jobs-steps/03-parallel-jobs.png
screenshots/05-jobs-steps/04-conditional-and-multiline.png
screenshots/06-runners/01-matrix-part1.png
screenshots/06-runners/01-matrix-part2.png
screenshots/06-runners/01-matrix-part3.png
screenshots/06-runners/02-matrix-build-part1.png
screenshots/06-runners/02-matrix-build-part2.png
screenshots/06-runners/02-matrix-build-part3.png
screenshots/06-runners/02-matrix-build-part4.png
screenshots/06-runners/03-labels.png
screenshots/07-secrets/01-github-token.png
screenshots/07-secrets/02-masking.png
screenshots/07-secrets/03-environment-secrets.png
screenshots/08-artifacts/01-upload.png
screenshots/08-artifacts/02-upload-download-part1.png
screenshots/08-artifacts/02-upload-download-part2.png
screenshots/08-artifacts/03-test-report-part1.png
screenshots/08-artifacts/03-test-report-part2.png
screenshots/09-build-test-pipeline/01-local-run.png
screenshots/09-build-test-pipeline/02-ci-pipeline-part1.png
screenshots/09-build-test-pipeline/02-ci-pipeline-part2.png
screenshots/09-build-test-pipeline/02-ci-pipeline-part3.png
screenshots/09-build-test-pipeline/02-ci-pipeline-part4.png
screenshots/09-build-test-pipeline/02-ci-pipeline-part5.png
screenshots/09-build-test-pipeline/03-break-the-build.png
screenshots/09-build-test-pipeline/04-ci-fails-part1.png
screenshots/09-build-test-pipeline/04-ci-fails-part2.png
screenshots/09-build-test-pipeline/04-ci-fails-part3.png
screenshots/09-build-test-pipeline/04-ci-fails-part4.png
screenshots/09-build-test-pipeline/05-revert-and-pass-part1.png
screenshots/09-build-test-pipeline/05-revert-and-pass-part2.png
screenshots/09-build-test-pipeline/05-revert-and-pass-part3.png
screenshots/09-build-test-pipeline/05-revert-and-pass-part4.png
screenshots/cleanup/01-cleanup.png
screenshots/09-build-test-pipeline/04-ci-fails-part5.png
screenshots/09-build-test-pipeline/05-revert-and-pass-part5.png
screenshots/05-jobs-steps/05-conditional-fix.png
screenshots/05-jobs-steps/06-conditional-on-develop.png
