screenshots/00-setup/01-tools.png
screenshots/01-unit-tests/01-pytest-part1.png
screenshots/01-unit-tests/01-pytest-part2.png
screenshots/04-sast/01-bandit-part1.png
screenshots/04-sast/01-bandit-part2.png
screenshots/04-sast/02-fix-part1.png
screenshots/04-sast/02-fix-part2.png
screenshots/05-sca/01-pip-audit-app.png
screenshots/05-sca/03-remediate.png
screenshots/06-secret-scanning/01-leak.png
screenshots/06-secret-scanning/02-fixed.png
screenshots/07-image-scanning/01-build.png
screenshots/07-image-scanning/02-trivy-part1.png
screenshots/07-image-scanning/02-trivy-part2.png
screenshots/07-image-scanning/02-trivy-part3.png
screenshots/07-image-scanning/02-trivy-part4.png
screenshots/07-image-scanning/02-trivy-part5.png
screenshots/08-security-gates/01-gate-part1.png
screenshots/08-security-gates/01-gate-part2.png
screenshots/08-security-gates/02-pipeline-graph.png
screenshots/08-security-gates/03-act-test-job-part1.png
screenshots/08-security-gates/03-act-test-job-part2.png
screenshots/08-security-gates/03-act-test-job-part3.png
screenshots/08-security-gates/03-act-test-job-part4.png
screenshots/08-security-gates/04-act-sca-job-part1.png
screenshots/08-security-gates/04-act-sca-job-part2.png
screenshots/08-security-gates/04-act-sca-job-part3.png
screenshots/08-security-gates/04-act-sca-job-part4.png
screenshots/02-container-registry/01-local-registry.png
screenshots/03-kubernetes-deployment/01-deploy.png
screenshots/03-kubernetes-deployment/02-verify.png
screenshots/cleanup/01-cleanup.png
screenshots/05-sca/02-vulnerable-deps-part1.png
screenshots/05-sca/02-vulnerable-deps-part2.png
