screenshots/00-setup/01-tools.png
screenshots/01-iac-basics/01-init-validate-plan-part1.png
screenshots/01-iac-basics/01-init-validate-plan-part2.png
screenshots/01-iac-basics/01-init-validate-plan-part3.png
screenshots/01-iac-basics/02-apply-verify-destroy-part1.png
screenshots/01-iac-basics/02-apply-verify-destroy-part2.png
screenshots/01-iac-basics/02-apply-verify-destroy-part3.png
screenshots/02-terraform-architecture/01-run-part1.png
screenshots/02-terraform-architecture/01-run-part2.png
screenshots/02-terraform-architecture/01-run-part3.png
screenshots/02-terraform-architecture/02-destroy-part1.png
screenshots/02-terraform-architecture/02-destroy-part2.png
screenshots/03-providers/01-provider-part1.png
screenshots/03-providers/01-provider-part2.png
screenshots/03-providers/02-apply-destroy-part1.png
screenshots/03-providers/02-apply-destroy-part2.png
screenshots/03-providers/02-apply-destroy-part3.png
screenshots/04-resources/01-resource-part1.png
screenshots/04-resources/01-resource-part2.png
screenshots/04-resources/01-resource-part3.png
screenshots/04-resources/01-resource-part4.png
screenshots/05-variables/01-defaults-part1.png
screenshots/05-variables/01-defaults-part2.png
screenshots/05-variables/02-tfvars-and-overrides.png
screenshots/06-outputs/01-outputs-part1.png
screenshots/06-outputs/01-outputs-part2.png
screenshots/06-outputs/01-outputs-part3.png
screenshots/06-outputs/01-outputs-part4.png
screenshots/06-outputs/02-exercise-bucket-name-output-part1.png
screenshots/06-outputs/02-exercise-bucket-name-output-part2.png
screenshots/06-outputs/02-exercise-bucket-name-output-part3.png
screenshots/07-init-plan-apply/01-saved-plan-part1.png
screenshots/07-init-plan-apply/01-saved-plan-part2.png
screenshots/07-init-plan-apply/01-saved-plan-part3.png
screenshots/07-init-plan-apply/02-destroy.png
screenshots/08-destroy/01-destroy-part1.png
screenshots/08-destroy/01-destroy-part2.png
screenshots/08-destroy/01-destroy-part3.png
screenshots/08-destroy/01-destroy-part4.png
screenshots/09-state/01-inspect-part1.png
screenshots/09-state/01-inspect-part2.png
screenshots/09-state/01-inspect-part3.png
screenshots/09-state/02-state-pull-part1.png
screenshots/09-state/02-state-pull-part2.png
screenshots/09-state/02-state-pull-part3.png
screenshots/09-state/03-exercise-change-tag-part1.png
screenshots/09-state/03-exercise-change-tag-part2.png
screenshots/09-state/03-exercise-change-tag-part3.png
screenshots/09-state/04-cleanup-part1.png
screenshots/09-state/04-cleanup-part2.png
screenshots/terraform-s3-demo/01-validate-error.png
screenshots/terraform-s3-demo/02-fix.png
screenshots/terraform-s3-demo/03-apply-destroy-part1.png
screenshots/terraform-s3-demo/03-apply-destroy-part2.png
screenshots/terraform-s3-demo/03-apply-destroy-part3.png
screenshots/cleanup/01-cleanup.png
