screenshots/00-setup/01-tools.png
screenshots/02-regions-and-azs/01-region.png
screenshots/06-terraform-vpc/01-init-validate.png
screenshots/06-terraform-vpc/02-plan-part1.png
screenshots/06-terraform-vpc/02-plan-part2.png
screenshots/06-terraform-vpc/02-plan-part3.png
screenshots/06-terraform-vpc/02-plan-part4.png
screenshots/06-terraform-vpc/03-apply-part1.png
screenshots/06-terraform-vpc/03-apply-part2.png
screenshots/06-terraform-vpc/03-apply-part3.png
screenshots/06-terraform-vpc/03-apply-part4.png
screenshots/06-terraform-vpc/03-apply-part5.png
screenshots/06-terraform-vpc/04-verify-aws-cli.png
screenshots/06-terraform-vpc/05-destroy-part1.png
screenshots/06-terraform-vpc/05-destroy-part2.png
screenshots/06-terraform-vpc/05-destroy-part3.png
screenshots/06-terraform-vpc/05-destroy-part4.png
screenshots/06-terraform-vpc/05-destroy-part5.png
screenshots/06-terraform-vpc/05-destroy-part6.png
screenshots/06-terraform-vpc/05-destroy-part7.png
screenshots/06-terraform-vpc/05-destroy-part8.png
screenshots/06-terraform-vpc/05-destroy-part9.png
screenshots/07-terraform-workflow/01-workflow-part1.png
screenshots/07-terraform-workflow/01-workflow-part2.png
screenshots/07-terraform-workflow/01-workflow-part3.png
screenshots/07-terraform-workflow/01-workflow-part4.png
screenshots/08-mini-project/01-fmt-finding.png
screenshots/08-mini-project/02-validate-plan-part1.png
screenshots/08-mini-project/02-validate-plan-part2.png
screenshots/08-mini-project/02-validate-plan-part3.png
screenshots/08-mini-project/02-validate-plan-part4.png
screenshots/08-mini-project/03-apply-part1.png
screenshots/08-mini-project/03-apply-part2.png
screenshots/08-mini-project/03-apply-part3.png
screenshots/08-mini-project/03-apply-part4.png
screenshots/08-mini-project/03-apply-part5.png
screenshots/08-mini-project/04-verify-aws-cli.png
screenshots/08-mini-project/05-destroy-part1.png
screenshots/08-mini-project/05-destroy-part2.png
screenshots/08-mini-project/05-destroy-part3.png
screenshots/08-mini-project/05-destroy-part4.png
screenshots/08-mini-project/05-destroy-part5.png
screenshots/08-mini-project/05-destroy-part6.png
screenshots/08-mini-project/05-destroy-part7.png
screenshots/08-mini-project/05-destroy-part8.png
screenshots/08-mini-project/05-destroy-part9.png
screenshots/08-ec2-extension/01-add-ec2-part1.png
screenshots/08-ec2-extension/01-add-ec2-part2.png
screenshots/08-ec2-extension/02-apply-part1.png
screenshots/08-ec2-extension/02-apply-part2.png
screenshots/08-ec2-extension/02-apply-part3.png
screenshots/08-ec2-extension/02-apply-part4.png
screenshots/08-ec2-extension/02-apply-part5.png
screenshots/08-ec2-extension/02-apply-part6.png
screenshots/08-ec2-extension/02-apply-part7.png
screenshots/08-ec2-extension/03-destroy-part1.png
screenshots/08-ec2-extension/03-destroy-part2.png
screenshots/08-ec2-extension/03-destroy-part3.png
screenshots/08-ec2-extension/03-destroy-part4.png
screenshots/08-ec2-extension/03-destroy-part5.png
screenshots/08-ec2-extension/03-destroy-part6.png
screenshots/cleanup/01-cleanup.png
